     1                                  extern printf
     2                                  section .data
     3 00000000 4D6573736167653A20-     	msg_fmt db "Message: %d", 10, 0
     3 00000009 25640A00           
     4 0000000D 39050000                    value dd 1337
     5                                  section .bss
     6                                  section .text
     7                                  	global main
     8                                  main:
     9 00000000 55                          push rbp
    10 00000001 4889E5                      mov rbp, rsp
    11                                  
    12 00000004 48BF-                       mov rdi, msg_fmt
    12 00000006 [0000000000000000] 
    13 0000000E 488B3425[0D000000]          mov rsi, [value]
    14 00000016 B800000000                  mov rax, 0
    15 0000001B E8(00000000)                call printf
    16                                  
    17 00000020 4889EC                      mov rsp, rbp
    18 00000023 5D                          pop rbp
    19                                  
    20 00000024 C3                          ret
